[khanarshad0.github.io/practice.io/index.html]
[backblue.gif]
[fade.gif]
[index.html]
[khanarshad0.github.io/practice.io/img/favicon.ico]
[cdnjs.cloudflare.com/ajax/libs/font-awesome/5.15.0/css/all.min.css]
[khanarshad0.github.io/practice.io/lib/owlcarousel/assets/owl.carousel.min.css]
[khanarshad0.github.io/practice.io/css/style.css]
[khanarshad0.github.io/practice.io/index-2.html]
[khanarshad0.github.io/practice.io/img/ads-728x90.png]
[khanarshad0.github.io/practice.io/category.html]
[khanarshad0.github.io/practice.io/single.html]
[khanarshad0.github.io/practice.io/contact.html]
[khanarshad0.github.io/practice.io/img/news-800x500-1.jpg]
[khanarshad0.github.io/practice.io/img/news-800x500-2.jpg]
[khanarshad0.github.io/practice.io/img/news-800x500-3.jpg]
[khanarshad0.github.io/practice.io/img/news-700x435-1.jpg]
[khanarshad0.github.io/practice.io/img/news-700x435-2.jpg]
[khanarshad0.github.io/practice.io/img/news-700x435-3.jpg]
[khanarshad0.github.io/practice.io/img/news-700x435-4.jpg]
[khanarshad0.github.io/practice.io/img/news-700x435-5.jpg]
[khanarshad0.github.io/practice.io/img/user.jpg]
[khanarshad0.github.io/practice.io/img/news-110x110-1.jpg]
[khanarshad0.github.io/practice.io/img/news-110x110-2.jpg]
[khanarshad0.github.io/practice.io/img/news-110x110-3.jpg]
[khanarshad0.github.io/practice.io/img/news-110x110-4.jpg]
[khanarshad0.github.io/practice.io/img/news-110x110-5.jpg]
[code.jquery.com/jquery-3.4.1.min.js]
[stackpath.bootstrapcdn.com/bootstrap/4.4.1/js/bootstrap.bundle.min.js]
[khanarshad0.github.io/practice.io/lib/easing/easing.min.js]
[khanarshad0.github.io/practice.io/lib/owlcarousel/owl.carousel.min.js]
[khanarshad0.github.io/practice.io/js/main.js]
[khanarshad0.github.io/practice.io/index.html]
[khanarshad0.github.io/practice.io/img/favicon.html]
[cdnjs.cloudflare.com/ajax/libs/font-awesome/5.15.0/css/all.min.css]
[khanarshad0.github.io/practice.io/lib/owlcarousel/assets/owl.video.play.png]
[khanarshad0.github.io/practice.io/lib/owlcarousel/assets/owl.carousel.min.css]
[khanarshad0.github.io/practice.io/css/style.css]
[www.googletagmanager.com/gtm5445.html]
[khanarshad0.github.io/practice.io/index-2.html]
[khanarshad0.github.io/practice.io/category.html]
[khanarshad0.github.io/practice.io/single.html]
[khanarshad0.github.io/practice.io/contact.html]
